Microchip MPLAB XC8 Compiler V2.30

Linker command line:

-W-3 --edf=C:\Program Files\Microchip\xc8\v2.30\pic\dat\en_msgs.txt -cn \
  -h+dist/default/production\EJEMPLO.X.production.sym \
  --cmf=dist/default/production\EJEMPLO.X.production.cmf -z -Q18F4550 \
  -oC:\Users\rojas\AppData\Local\Temp\sdv0x2 --defsym=__MPLAB_BUILD=1 \
  -Mdist/default/production/EJEMPLO.X.production.map -E1 -ver=XC8 Compiler \
  --acfsm=1493 -ASTACK=070h-07FFh -pstack=STACK -ACODE=00h-07FFFh \
  -ACONST=00h-07FFFh -ASMALLCONST=0800h-08FFhx120 \
  -AMEDIUMCONST=0800h-07FFFh -ACOMRAM=01h-05Fh -AABS1=00h-07FFh \
  -ABIGRAM=01h-07FFh -ARAM=060h-0FFh,0100h-01FFhx7 -ABANK0=060h-0FFh \
  -ABANK1=0100h-01FFh -ABANK2=0200h-02FFh -ABANK3=0300h-03FFh \
  -ABANK4=0400h-04FFh -ABANK5=0500h-05FFh -ABANK6=0600h-06FFh \
  -ABANK7=0700h-07FFh -ASFR=0F60h-0FFFh -ACONFIG=0300000h-030000Dh \
  -AIDLOC=0200000h-0200007h -AEEDATA=0F00000h-0F000FFh -peeprom_data=EEDATA \
  -preset_vec=00h,intcode,intcodelo,powerup,init -pramtop=0800h \
  -psmallconst=SMALLCONST -pmediumconst=MEDIUMCONST -pconst=CONST \
  -AFARRAM=00h-00h \
  -prdata=COMRAM,nvrram=COMRAM,nvbit=COMRAM,rbss=COMRAM,rbit=COMRAM \
  -pfarbss=FARRAM,fardata=FARRAM,nvFARRAM=FARRAM \
  -pintsave_regs=BIGRAM,bigbss=BIGRAM,bigdata=BIGRAM -pbss=RAM \
  -pidata=CODE,irdata=CODE,ibigdata=CODE,ifardata=CODE -prparam=COMRAM \
  C:\Users\rojas\AppData\Local\Temp\sdv0x8.o \
  dist/default/production\EJEMPLO.X.production.o 

Object code version is 3.11

Machine type is 18F4550



                Name                               Link     Load   Length Selector   Space Scale
C:\Users\rojas\AppData\Local\Temp\sdv0x8.o
                idloc                            200000   200000        8        0       5
                config                           300000   300000        E        0       4
                init                                  0        0        4        0       0
dist/default/production\EJEMPLO.X.production.o
                idloc                            200000   200000        8        0       5
                config                           300000   300000        E        0       4
                smallconst                          800      800       4E      400       0
                text10                              EFE      EFE       DE      427       0
                text9                              114E     114E       70      427       0
                text8                              12B6     12B6        8      427       0
                text7                              10B2     10B2       9C      427       0
                text6                               FDC      FDC       D6      427       0
                text5                              1212     1212       3E      427       0
                text4                              129C     129C        E      427       0
                text3                              1250     1250       2C      427       0
                text2                               CE0      CE0      21E      427       0
                text1                              12AA     12AA        C      427       0
                text0                               84E      84E      492      427       0
                cstackCOMRAM                          1        1       3F        1       1
                dataBANK0                            60       60       10       60       1
                dataCOMRAM                           40       40       10        1       1
                bssCOMRAM                            50       50        5        1       1
                cinit                              11BE     11BE       54      427       0
                idataBANK0                         128C     128C       10      427       0
                idataCOMRAM                        127C     127C       10      427       0

TOTAL           Name                               Link     Load   Length     Space
        CLASS   STACK          

        CLASS   CODE           
                init                                  0        0        4         0
                text10                              EFE      EFE       DE         0
                text9                              114E     114E       70         0
                text8                              12B6     12B6        8         0
                text7                              10B2     10B2       9C         0
                text6                               FDC      FDC       D6         0
                text5                              1212     1212       3E         0
                text4                              129C     129C        E         0
                text3                              1250     1250       2C         0
                text2                               CE0      CE0      21E         0
                text1                              12AA     12AA        C         0
                text0                               84E      84E      492         0
                cinit                              11BE     11BE       54         0
                idataBANK0                         128C     128C       10         0
                idataCOMRAM                        127C     127C       10         0

        CLASS   CONST          

        CLASS   SMALLCONST     
                smallconst                          800      800       4E         0

        CLASS   MEDIUMCONST    

        CLASS   COMRAM         
                cstackCOMRAM                          1        1       3F         1
                dataCOMRAM                           40       40       10         1
                bssCOMRAM                            50       50        5         1

        CLASS   ABS1           

        CLASS   BIGRAM         

        CLASS   RAM            

        CLASS   BANK0          
                dataBANK0                            60       60       10         1

        CLASS   BANK1          

        CLASS   BANK2          

        CLASS   BANK3          

        CLASS   BANK4          

        CLASS   BANK5          

        CLASS   BANK6          

        CLASS   BANK7          

        CLASS   SFR            

        CLASS   CONFIG         
                config                           300000   300000        E         4

        CLASS   IDLOC          
                idloc                            200000   200000        8         5

        CLASS   EEDATA         

        CLASS   FARRAM         



SEGMENTS        Name                           Load    Length   Top    Selector   Space  Class

                reset_vec                      000000  000004  000004         0       0  CODE    
                cstackCOMRAM                   000001  000054  000055         1       1  COMRAM  
                dataBANK0                      000060  000010  000070        60       1  BANK0   
                smallconst                     000800  00004E  00084E       400       0  SMALLCON
                text0                          00084E  000A70  0012BE       427       0  CODE    


UNUSED ADDRESS RANGES

        Name                Unused          Largest block    Delta
        BANK0            000070-0000FF               90
        BANK1            000100-0001FF              100
        BANK2            000200-0002FF              100
        BANK3            000300-0003FF              100
        BANK4            000400-0004FF              100
        BANK5            000500-0005FF              100
        BANK6            000600-0006FF              100
        BANK7            000700-0007FF              100
        BIGRAM           000055-00005F                B
                         000070-0007FF              790
        CODE             000004-0007FF              7FC
                         0012BE-007FFF             6D42
        COMRAM           000055-00005F                B
        CONST            000004-0007FF              7FC
                         0012BE-007FFF             6D42
        EEDATA           F00000-F000FF              100
        MEDIUMCONST      0012BE-007FFF             6D42
        RAM              000070-0007FF              100
        SFR              000F60-000FFF               A0
        SMALLCONST       0012BE-007FFF              100
        STACK            000070-0007FF              790

                                  Symbol Table

LCD_command@cmd          cstackCOMRAM 000001
LCD_gotoxy@DDRAMAddr     cstackCOMRAM 000005
LCD_gotoxy@x             cstackCOMRAM 000006
LCD_gotoxy@y             cstackCOMRAM 000002
LCD_putc@ch              cstackCOMRAM 000001
LCD_puts@data            cstackCOMRAM 000002
LCD_puts@i               cstackCOMRAM 000007
LCD_puts@nBytes          cstackCOMRAM 000004
_EEADR                   (abs)        000FA9
_EECON1bits              (abs)        000FA6
_EECON2                  (abs)        000FA7
_EEDATA                  (abs)        000FA8
_INTCON2bits             (abs)        000FF1
_INTCONbits              (abs)        000FF2
_LATB                    (abs)        000F8A
_LATDbits                (abs)        000F8C
_LCD_clear               text8        0012B6
_LCD_command             text10       000EFE
_LCD_gotoxy              text9        00114E
_LCD_init                text7        0010B2
_LCD_putc                text6        000FDC
_LCD_puts                text5        001212
_PORTB                   (abs)        000F81
_PORTC                   (abs)        000F82
_PORTDbits               (abs)        000F83
_TRISB                   (abs)        000F93
_TRISC                   (abs)        000F94
_TRISD                   (abs)        000F95
_TRISDbits               (abs)        000F95
__HRAM                   (abs)        000000
__Habs1                  abs1         000000
__Hbank0                 bank0        000000
__Hbank1                 bank1        000000
__Hbank2                 bank2        000000
__Hbank3                 bank3        000000
__Hbank4                 bank4        000000
__Hbank5                 bank5        000000
__Hbank6                 bank6        000000
__Hbank7                 bank7        000000
__Hbigbss                bigbss       000000
__Hbigdata               bigdata      000000
__Hbigram                bigram       000000
__Hbss                   bss          000000
__HbssCOMRAM             bssCOMRAM    000000
__Hcinit                 cinit        000000
__Hclrtext               clrtext      000000
__Hcomram                comram       000000
__Hconfig                config       30000E
__Hconst                 const        000000
__HcstackCOMRAM          cstackCOMRAM 000000
__Hdata                  data         000000
__HdataBANK0             dataBANK0    000000
__HdataCOMRAM            dataCOMRAM   000000
__Heeprom_data           eeprom_data  000000
__Hfarbss                farbss       000000
__Hfardata               fardata      000000
__Hibigdata              ibigdata     000000
__Hidata                 idata        000000
__HidataBANK0            idataBANK0   000000
__HidataCOMRAM           idataCOMRAM  000000
__Hidloc                 idloc        200008
__Hifardata              ifardata     000000
__Hinit                  init         000004
__Hintcode               intcode      000000
__Hintcode_body          intcode_body 000000
__Hintcodelo             intcodelo    000000
__Hintentry              intentry     000000
__Hintret                intret       000000
__Hintsave_regs          intsave_regs 000000
__Hirdata                irdata       000000
__Hmediumconst           mediumconst  000000
__HnvFARRAM              nvFARRAM     000000
__Hnvbit                 nvbit        000000
__Hnvrram                nvrram       000000
__Hparam                 rparam       000000
__Hpowerup               powerup      000000
__Hram                   ram          000000
__Hramtop                ramtop       000800
__Hrbit                  rbit         000000
__Hrbss                  rbss         000000
__Hrdata                 rdata        000000
__Hreset_vec             reset_vec    000000
__Hrparam                rparam       000000
__Hsfr                   sfr          000000
__Hsmallconst            smallconst   00084E
__Hspace_0               (abs)        0012BE
__Hspace_1               (abs)        000070
__Hspace_2               (abs)        000000
__Hspace_4               (abs)        60000E
__Hstack                 stack        000000
__Hstruct                struct       000000
__Htemp                  temp         000000
__Htext                  text         000000
__Htext0                 text0        000000
__Htext1                 text1        000000
__Htext10                text10       000000
__Htext2                 text2        000000
__Htext3                 text3        000000
__Htext4                 text4        000000
__Htext5                 text5        000000
__Htext6                 text6        000000
__Htext7                 text7        000000
__Htext8                 text8        000000
__Htext9                 text9        000000
__LRAM                   (abs)        000001
__Labs1                  abs1         000000
__Lbank0                 bank0        000000
__Lbank1                 bank1        000000
__Lbank2                 bank2        000000
__Lbank3                 bank3        000000
__Lbank4                 bank4        000000
__Lbank5                 bank5        000000
__Lbank6                 bank6        000000
__Lbank7                 bank7        000000
__Lbigbss                bigbss       000000
__Lbigdata               bigdata      000000
__Lbigram                bigram       000000
__Lbss                   bss          000000
__LbssCOMRAM             bssCOMRAM    000000
__Lcinit                 cinit        000000
__Lclrtext               clrtext      000000
__Lcomram                comram       000000
__Lconfig                config       000000
__Lconst                 const        000000
__LcstackCOMRAM          cstackCOMRAM 000000
__Ldata                  data         000000
__LdataBANK0             dataBANK0    000000
__LdataCOMRAM            dataCOMRAM   000000
__Leeprom_data           eeprom_data  000000
__Lfarbss                farbss       000000
__Lfardata               fardata      000000
__Libigdata              ibigdata     000000
__Lidata                 idata        000000
__LidataBANK0            idataBANK0   000000
__LidataCOMRAM           idataCOMRAM  000000
__Lidloc                 idloc        000000
__Lifardata              ifardata     000000
__Linit                  init         000000
__Lintcode               intcode      000000
__Lintcode_body          intcode_body 000000
__Lintcodelo             intcodelo    000000
__Lintentry              intentry     000000
__Lintret                intret       000000
__Lintsave_regs          intsave_regs 000000
__Lirdata                irdata       000000
__Lmediumconst           mediumconst  000000
__LnvFARRAM              nvFARRAM     000000
__Lnvbit                 nvbit        000000
__Lnvrram                nvrram       000000
__Lparam                 rparam       000000
__Lpowerup               powerup      000000
__Lram                   ram          000000
__Lramtop                ramtop       000800
__Lrbit                  rbit         000000
__Lrbss                  rbss         000000
__Lrdata                 rdata        000000
__Lreset_vec             reset_vec    000000
__Lrparam                rparam       000000
__Lsfr                   sfr          000000
__Lsmallconst            smallconst   000800
__Lspace_0               (abs)        000000
__Lspace_1               (abs)        000000
__Lspace_2               (abs)        000000
__Lspace_4               (abs)        000000
__Lstack                 stack        000000
__Lstruct                struct       000000
__Ltemp                  temp         000000
__Ltext                  text         000000
__Ltext0                 text0        000000
__Ltext1                 text1        000000
__Ltext10                text10       000000
__Ltext2                 text2        000000
__Ltext3                 text3        000000
__Ltext4                 text4        000000
__Ltext5                 text5        000000
__Ltext6                 text6        000000
__Ltext7                 text7        000000
__Ltext8                 text8        000000
__Ltext9                 text9        000000
__S0                     (abs)        0012BE
__S1                     (abs)        000070
__S2                     (abs)        000000
__S4                     (abs)        000000
__S5                     (abs)        000000
___inthi_sp              stack        000000
___intlo_sp              stack        000000
___param_bank            (abs)        000000
___rparam_used           (abs)        000001
___sp                    stack        000000
__accesstop              (abs)        000060
__activetblptr           (abs)        000002
__end_of_LCD_clear       text8        0012BE
__end_of_LCD_command     text10       000FDC
__end_of_LCD_gotoxy      text9        0011BE
__end_of_LCD_init        text7        00114E
__end_of_LCD_putc        text6        0010B2
__end_of_LCD_puts        text5        001250
__end_of__initialization cinit        001208
__end_of_eeprom_readx    text4        0012AA
__end_of_eeprom_writex   text3        00127C
__end_of_main            text0        000CE0
__end_of_teclado_getc    text2        000EFE
__end_of_teclado_init    text1        0012B6
__initialization         cinit        0011BE
__mediumconst            mediumconst  000000
__pbssCOMRAM             bssCOMRAM    000050
__pcinit                 cinit        0011BE
__pcstackCOMRAM          cstackCOMRAM 000001
__pdataBANK0             dataBANK0    000060
__pdataCOMRAM            dataCOMRAM   000040
__pidataBANK0            idataBANK0   00128C
__pidataCOMRAM           idataCOMRAM  00127C
__psmallconst            smallconst   000800
__ptext0                 text0        00084E
__ptext1                 text1        0012AA
__ptext10                text10       000EFE
__ptext2                 text2        000CE0
__ptext3                 text3        001250
__ptext4                 text4        00129C
__ptext5                 text5        001212
__ptext6                 text6        000FDC
__ptext7                 text7        0010B2
__ptext8                 text8        0012B6
__ptext9                 text9        00114E
__ramtop                 ramtop       000800
__size_of_LCD_clear      (abs)        000000
__size_of_LCD_command    (abs)        000000
__size_of_LCD_gotoxy     (abs)        000000
__size_of_LCD_init       (abs)        000000
__size_of_LCD_putc       (abs)        000000
__size_of_LCD_puts       (abs)        000000
__size_of_eeprom_readx   (abs)        000000
__size_of_eeprom_writex  (abs)        000000
__size_of_main           (abs)        000000
__size_of_teclado_getc   (abs)        000000
__size_of_teclado_init   (abs)        000000
__smallconst             smallconst   000800
_eeprom_readx            text4        00129C
_eeprom_writex           text3        001250
_main                    text0        00084E
_teclado_getc            text2        000CE0
_teclado_init            text1        0012AA
eeprom_readx@address     cstackCOMRAM 000001
eeprom_writex@address    cstackCOMRAM 000001
eeprom_writex@data       cstackCOMRAM 000003
end_of_initialization    cinit        001208
intlevel0                text         000000
intlevel1                text         000000
intlevel2                text         000000
intlevel3                text         000000
main@DERE                cstackCOMRAM 000016
main@F3722               dataCOMRAM   000048
main@F3724               dataCOMRAM   000040
main@IZQ                 cstackCOMRAM 00001E
main@clave1check         cstackCOMRAM 000031
main@clave2check         cstackCOMRAM 000033
main@clave3check         cstackCOMRAM 000035
main@clave4check         cstackCOMRAM 000037
main@clavechecktotal     cstackCOMRAM 00002B
main@countinclave        cstackCOMRAM 000039
main@direccion1          cstackCOMRAM 00003B
main@direccion2          cstackCOMRAM 00003C
main@direccion3          cstackCOMRAM 00003D
main@direccion4          cstackCOMRAM 00003E
main@inclave             cstackCOMRAM 000026
main@tecla               cstackCOMRAM 00003F
stackhi                  (abs)        0007FF
stacklo                  (abs)        000070
start                    init         000000
start_initialization     cinit        0011BE
teclado_getc@F3196       dataBANK0    000060
teclado_getc@i           cstackCOMRAM 000012
teclado_getc@letras      cstackCOMRAM 000001
teclado_getc@valor       cstackCOMRAM 000011


FUNCTION INFORMATION:

 *************** function _main *****************
 Defined at:
		line 79 in file "main.c"
 Parameters:    Size  Location     Type
		None
 Auto vars:     Size  Location     Type
  IZQ             8   29[COMRAM] int [4]
  DERE            8   21[COMRAM] int [4]
  inclave         5   37[COMRAM] unsigned char [5]
  countinclave    2   56[COMRAM] int 
  clave4check     2   54[COMRAM] int 
  clave3check     2   52[COMRAM] int 
  clave2check     2   50[COMRAM] int 
  clave1check     2   48[COMRAM] int 
  clavecheckto    2   42[COMRAM] int 
  tecla           1   62[COMRAM] unsigned char 
  direccion4      1   61[COMRAM] unsigned char 
  direccion3      1   60[COMRAM] unsigned char 
  direccion2      1   59[COMRAM] unsigned char 
  direccion1      1   58[COMRAM] unsigned char 
  clave4          1    0        unsigned char 
  clave3          1    0        unsigned char 
  clave2          1    0        unsigned char 
  clave1          1    0        unsigned char 
 Return value:  Size  Location     Type
                  1    wreg      void 
 Registers used:
		wreg, fsr1l, fsr1h, fsr2l, fsr2h, status,2, status,0, tblptrl, tblptrh, tblptru, cstack
 Tracked objects:
		On entry : 
		On exit  : 
		Unchanged: 
 Data sizes:     COMRAM   BANK0   BANK1   BANK2   BANK3   BANK4   BANK5   BANK6   BANK7
      Params:         0       0       0       0       0       0       0       0       0
      Locals:        42       0       0       0       0       0       0       0       0
      Temps:          2       0       0       0       0       0       0       0       0
      Totals:        44       0       0       0       0       0       0       0       0
Total ram usage:       44 bytes
 Hardware stack levels required when called:    3
 This function calls:
		_LCD_clear
		_LCD_gotoxy
		_LCD_init
		_LCD_puts
		_eeprom_readx
		_eeprom_writex
		_teclado_getc
		_teclado_init
 This function is called by:
		Startup code after reset
 This function uses a non-reentrant model


 *************** function _teclado_init *****************
 Defined at:
		line 12 in file "teclado.c"
 Parameters:    Size  Location     Type
		None
 Auto vars:     Size  Location     Type
		None
 Return value:  Size  Location     Type
                  1    wreg      void 
 Registers used:
		wreg, status,2, status,0
 Tracked objects:
		On entry : 
		On exit  : 
		Unchanged: 
 Data sizes:     COMRAM   BANK0   BANK1   BANK2   BANK3   BANK4   BANK5   BANK6   BANK7
      Params:         0       0       0       0       0       0       0       0       0
      Locals:         0       0       0       0       0       0       0       0       0
      Temps:          0       0       0       0       0       0       0       0       0
      Totals:         0       0       0       0       0       0       0       0       0
Total ram usage:        0 bytes
 Hardware stack levels used:    1
 This function calls:
		Nothing
 This function is called by:
		_main
 This function uses a non-reentrant model


 *************** function _teclado_getc *****************
 Defined at:
		line 19 in file "teclado.c"
 Parameters:    Size  Location     Type
		None
 Auto vars:     Size  Location     Type
  letras         16    0[COMRAM] unsigned char [4][4]
  i               2   17[COMRAM] int 
  valor           1   16[COMRAM] unsigned char 
 Return value:  Size  Location     Type
                  1    wreg      unsigned char 
 Registers used:
		wreg, fsr1l, fsr1h, fsr2l, fsr2h, status,2, status,0
 Tracked objects:
		On entry : 
		On exit  : 
		Unchanged: 
 Data sizes:     COMRAM   BANK0   BANK1   BANK2   BANK3   BANK4   BANK5   BANK6   BANK7
      Params:         0       0       0       0       0       0       0       0       0
      Locals:        19       0       0       0       0       0       0       0       0
      Temps:          0       0       0       0       0       0       0       0       0
      Totals:        19       0       0       0       0       0       0       0       0
Total ram usage:       19 bytes
 Hardware stack levels used:    1
 This function calls:
		Nothing
 This function is called by:
		_main
 This function uses a non-reentrant model


 *************** function _eeprom_writex *****************
 Defined at:
		line 11 in file "eeprom.c"
 Parameters:    Size  Location     Type
  address         2    0[COMRAM] int 
  data            1    2[COMRAM] unsigned char 
 Auto vars:     Size  Location     Type
		None
 Return value:  Size  Location     Type
                  1    wreg      void 
 Registers used:
		wreg, status,2
 Tracked objects:
		On entry : 
		On exit  : 
		Unchanged: 
 Data sizes:     COMRAM   BANK0   BANK1   BANK2   BANK3   BANK4   BANK5   BANK6   BANK7
      Params:         3       0       0       0       0       0       0       0       0
      Locals:         0       0       0       0       0       0       0       0       0
      Temps:          0       0       0       0       0       0       0       0       0
      Totals:         3       0       0       0       0       0       0       0       0
Total ram usage:        3 bytes
 Hardware stack levels used:    1
 This function calls:
		Nothing
 This function is called by:
		_main
 This function uses a non-reentrant model


 *************** function _eeprom_readx *****************
 Defined at:
		line 30 in file "eeprom.c"
 Parameters:    Size  Location     Type
  address         2    0[COMRAM] int 
 Auto vars:     Size  Location     Type
		None
 Return value:  Size  Location     Type
                  1    wreg      unsigned char 
 Registers used:
		wreg, status,2
 Tracked objects:
		On entry : 
		On exit  : 
		Unchanged: 
 Data sizes:     COMRAM   BANK0   BANK1   BANK2   BANK3   BANK4   BANK5   BANK6   BANK7
      Params:         2       0       0       0       0       0       0       0       0
      Locals:         0       0       0       0       0       0       0       0       0
      Temps:          0       0       0       0       0       0       0       0       0
      Totals:         2       0       0       0       0       0       0       0       0
Total ram usage:        2 bytes
 Hardware stack levels used:    1
 This function calls:
		Nothing
 This function is called by:
		_main
 This function uses a non-reentrant model


 *************** function _LCD_puts *****************
 Defined at:
		line 164 in file "lcd.c"
 Parameters:    Size  Location     Type
  data            2    1[COMRAM] PTR unsigned char 
		 -> STR_8(15), STR_7(12), STR_6(17), STR_5(15), 
		 -> STR_4(17), STR_3(2), STR_2(15), STR_1(15), 
  nBytes          1    3[COMRAM] unsigned char 
 Auto vars:     Size  Location     Type
  i               1    6[COMRAM] unsigned char 
 Return value:  Size  Location     Type
                  1    wreg      void 
 Registers used:
		wreg, status,2, status,0, tblptrl, tblptrh, tblptru, cstack
 Tracked objects:
		On entry : 
		On exit  : 
		Unchanged: 
 Data sizes:     COMRAM   BANK0   BANK1   BANK2   BANK3   BANK4   BANK5   BANK6   BANK7
      Params:         3       0       0       0       0       0       0       0       0
      Locals:         1       0       0       0       0       0       0       0       0
      Temps:          2       0       0       0       0       0       0       0       0
      Totals:         6       0       0       0       0       0       0       0       0
Total ram usage:        6 bytes
 Hardware stack levels used:    1
 Hardware stack levels required when called:    1
 This function calls:
		_LCD_putc
 This function is called by:
		_main
 This function uses a non-reentrant model


 *************** function _LCD_putc *****************
 Defined at:
		line 11 in file "lcd.c"
 Parameters:    Size  Location     Type
  ch              1    wreg     unsigned char 
 Auto vars:     Size  Location     Type
  ch              1    0[COMRAM] unsigned char 
 Return value:  Size  Location     Type
                  1    wreg      void 
 Registers used:
		wreg, status,2, cstack
 Tracked objects:
		On entry : 
		On exit  : 
		Unchanged: 
 Data sizes:     COMRAM   BANK0   BANK1   BANK2   BANK3   BANK4   BANK5   BANK6   BANK7
      Params:         0       0       0       0       0       0       0       0       0
      Locals:         1       0       0       0       0       0       0       0       0
      Temps:          0       0       0       0       0       0       0       0       0
      Totals:         1       0       0       0       0       0       0       0       0
Total ram usage:        1 bytes
 Hardware stack levels used:    1
 This function calls:
		Nothing
 This function is called by:
		_LCD_puts
		_LCD_definechar
 This function uses a non-reentrant model


 *************** function _LCD_init *****************
 Defined at:
		line 124 in file "lcd.c"
 Parameters:    Size  Location     Type
		None
 Auto vars:     Size  Location     Type
		None
 Return value:  Size  Location     Type
                  1    wreg      void 
 Registers used:
		wreg, status,2, cstack
 Tracked objects:
		On entry : 
		On exit  : 
		Unchanged: 
 Data sizes:     COMRAM   BANK0   BANK1   BANK2   BANK3   BANK4   BANK5   BANK6   BANK7
      Params:         0       0       0       0       0       0       0       0       0
      Locals:         0       0       0       0       0       0       0       0       0
      Temps:          1       0       0       0       0       0       0       0       0
      Totals:         1       0       0       0       0       0       0       0       0
Total ram usage:        1 bytes
 Hardware stack levels used:    1
 Hardware stack levels required when called:    2
 This function calls:
		_LCD_clear
		_LCD_command
 This function is called by:
		_main
 This function uses a non-reentrant model


 *************** function _LCD_clear *****************
 Defined at:
		line 197 in file "lcd.c"
 Parameters:    Size  Location     Type
		None
 Auto vars:     Size  Location     Type
		None
 Return value:  Size  Location     Type
                  1    wreg      void 
 Registers used:
		wreg, status,2, cstack
 Tracked objects:
		On entry : 
		On exit  : 
		Unchanged: 
 Data sizes:     COMRAM   BANK0   BANK1   BANK2   BANK3   BANK4   BANK5   BANK6   BANK7
      Params:         0       0       0       0       0       0       0       0       0
      Locals:         0       0       0       0       0       0       0       0       0
      Temps:          0       0       0       0       0       0       0       0       0
      Totals:         0       0       0       0       0       0       0       0       0
Total ram usage:        0 bytes
 Hardware stack levels used:    1
 Hardware stack levels required when called:    1
 This function calls:
		_LCD_command
 This function is called by:
		_main
		_LCD_init
 This function uses a non-reentrant model


 *************** function _LCD_gotoxy *****************
 Defined at:
		line 172 in file "lcd.c"
 Parameters:    Size  Location     Type
  x               1    wreg     unsigned char 
  y               1    1[COMRAM] unsigned char 
 Auto vars:     Size  Location     Type
  x               1    5[COMRAM] unsigned char 
  DDRAMAddr       1    4[COMRAM] unsigned char 
 Return value:  Size  Location     Type
                  1    wreg      void 
 Registers used:
		wreg, status,2, status,0, cstack
 Tracked objects:
		On entry : 
		On exit  : 
		Unchanged: 
 Data sizes:     COMRAM   BANK0   BANK1   BANK2   BANK3   BANK4   BANK5   BANK6   BANK7
      Params:         1       0       0       0       0       0       0       0       0
      Locals:         2       0       0       0       0       0       0       0       0
      Temps:          2       0       0       0       0       0       0       0       0
      Totals:         5       0       0       0       0       0       0       0       0
Total ram usage:        5 bytes
 Hardware stack levels used:    1
 Hardware stack levels required when called:    1
 This function calls:
		_LCD_command
 This function is called by:
		_main
 This function uses a non-reentrant model


 *************** function _LCD_command *****************
 Defined at:
		line 67 in file "lcd.c"
 Parameters:    Size  Location     Type
  cmd             1    wreg     unsigned char 
 Auto vars:     Size  Location     Type
  cmd             1    0[COMRAM] unsigned char 
 Return value:  Size  Location     Type
                  1    wreg      void 
 Registers used:
		wreg, status,2, cstack
 Tracked objects:
		On entry : 
		On exit  : 
		Unchanged: 
 Data sizes:     COMRAM   BANK0   BANK1   BANK2   BANK3   BANK4   BANK5   BANK6   BANK7
      Params:         0       0       0       0       0       0       0       0       0
      Locals:         1       0       0       0       0       0       0       0       0
      Temps:          0       0       0       0       0       0       0       0       0
      Totals:         1       0       0       0       0       0       0       0       0
Total ram usage:        1 bytes
 Hardware stack levels used:    1
 This function calls:
		Nothing
 This function is called by:
		_LCD_init
		_LCD_gotoxy
		_LCD_clear
		_LCD_definechar
 This function uses a non-reentrant model



MODULE INFORMATION

Module		Function		Class		Link	Load	Size
teclado.c
		_teclado_getc  		CODE           	0CE0	0000	542
		_teclado_init  		CODE           	12AA	0000	12

teclado.c estimated size: 554

eeprom.c
		_eeprom_writex 		CODE           	1250	0000	44
		_eeprom_readx  		CODE           	129C	0000	14

eeprom.c estimated size: 58

shared
		__initialization		CODE           	11BE	0000	74

shared estimated size: 74

lcd.c
		_LCD_clear     		CODE           	12B6	0000	8
		_LCD_gotoxy    		CODE           	114E	0000	112
		_LCD_init      		CODE           	10B2	0000	156
		_LCD_command   		CODE           	0EFE	0000	222
		_LCD_putc      		CODE           	0FDC	0000	214
		_LCD_puts      		CODE           	1212	0000	62

lcd.c estimated size: 774

main.c
		_main          		CODE           	084E	0000	1170

main.c estimated size: 1170

